## Домашнее задание к занятию "3.8. Компьютерные сети, лекция 3"

###   1. Подключитесь к публичному маршрутизатору в интернет. Найдите маршрут к вашему публичному IP
```shell
telnet route-views.routeviews.org
Username: rviews
show ip route x.x.x.x/32
show bgp x.x.x.x/32
```
```shell
[sergej@surg-adm ~]$ telnet route-views.routeviews.org
Trying 128.223.51.103...
Connected to route-views.routeviews.org.
Escape character is '^]'.
C
**********************************************************************

                    RouteViews BGP Route Viewer
                    route-views.routeviews.org

 route views data is archived on http://archive.routeviews.org

 This hardware is part of a grant by the NSF.
 Please contact help@routeviews.org if you have questions, or
 if you wish to contribute your view.

 This router has views of full routing tables from several ASes.
 The list of peers is located at http://www.routeviews.org/peers
 in route-views.oregon-ix.net.txt

 NOTE: The hardware was upgraded in August 2014.  If you are seeing
 the error message, "no default Kerberos realm", you may want to
 in Mac OS X add "default unset autologin" to your ~/.telnetrc

 To login, use the username "rviews".

 **********************************************************************


User Access Verification

Username: rviews
route-views>sh ip route 109.7.249.243/32
                                     ^
% Invalid input detected at '^' marker.

route-views>sh ip route 109.7.249.243   
Routing entry for 109.0.0.0/11
  Known via "bgp 6447", distance 20, metric 0
  Tag 2497, type external
  Last update from 202.232.0.2 1w3d ago
  Routing Descriptor Blocks:
  * 202.232.0.2, from 202.232.0.2, 1w3d ago
      Route metric is 0, traffic share count is 1
      AS Hops 2
      Route tag 2497
      MPLS label: none
route-views>sh ip route 109.75.249.243/32
                                      ^
% Invalid input detected at '^' marker.

route-views>sh ip route 109.75.249.243   
Routing entry for 109.75.249.0/24
  Known via "bgp 6447", distance 20, metric 0
  Tag 3303, type external
  Last update from 217.192.89.50 1w1d ago
  Routing Descriptor Blocks:
  * 217.192.89.50, from 217.192.89.50, 1w1d ago
      Route metric is 0, traffic share count is 1
      AS Hops 2
      Route tag 3303
      MPLS label: none
route-views>sh bgp 109.75.249.243/32     
% Network not in table
route-views>sh bgp 109.75.249.243   
BGP routing table entry for 109.75.249.0/24, version 303600820
Paths: (22 available, best #14, table default)
  Not advertised to any peer
  Refresh Epoch 1
  8283 1299 12714
    94.142.247.3 from 94.142.247.3 (94.142.247.3)
      Origin IGP, metric 0, localpref 100, valid, external
      Community: 1299:30000 8283:1 8283:101
      unknown transitive attribute: flag 0xE0 type 0x20 length 0x18
        value 0000 205B 0000 0000 0000 0001 0000 205B
              0000 0005 0000 0001 
      path 7FE116026860 RPKI State not found
      rx pathid: 0, tx pathid: 0
  Refresh Epoch 1
  1351 6939 12714
    132.198.255.253 from 132.198.255.253 (132.198.255.253)
      Origin IGP, localpref 100, valid, external
      path 7FE08DE55B78 RPKI State not found
      rx pathid: 0, tx pathid: 0
  Refresh Epoch 1
  852 1299 12714
    154.11.12.212 from 154.11.12.212 (96.1.209.43)
      Origin IGP, metric 0, localpref 100, valid, external
      path 7FE16BE0CAE8 RPKI State not found
      rx pathid: 0, tx pathid: 0
  Refresh Epoch 1
  57866 1299 12714
    37.139.139.17 from 37.139.139.17 (37.139.139.17)
      Origin IGP, metric 0, localpref 100, valid, external
      Community: 1299:30000 57866:100 57866:101 57866:501
      path 7FE128A7EA68 RPKI State not found
      rx pathid: 0, tx pathid: 0
  Refresh Epoch 1
  3333 1103 12714
    193.0.0.56 from 193.0.0.56 (193.0.0.56)
      Origin IGP, localpref 100, valid, external
      path 7FE0E8192870 RPKI State not found
      rx pathid: 0, tx pathid: 0
  Refresh Epoch 1
  20130 6939 12714
    140.192.8.16 from 140.192.8.16 (140.192.8.16)
      Origin IGP, localpref 100, valid, external
      path 7FE138F1A910 RPKI State not found
      rx pathid: 0, tx pathid: 0
  Refresh Epoch 1
  6939 12714
    64.71.137.241 from 64.71.137.241 (216.218.252.164)
      Origin IGP, localpref 100, valid, external
      path 7FE15C528DF0 RPKI State not found
      rx pathid: 0, tx pathid: 0
  Refresh Epoch 1
  701 174 12714
    137.39.3.55 from 137.39.3.55 (137.39.3.55)
      Origin IGP, localpref 100, valid, external
      path 7FE184BDFE60 RPKI State not found
      rx pathid: 0, tx pathid: 0
  Refresh Epoch 1
  3549 3356 174 12714
    208.51.134.254 from 208.51.134.254 (67.16.168.191)
      Origin IGP, metric 0, localpref 100, valid, external
      Community: 3356:3 3356:22 3356:86 3356:575 3356:666 3356:903 3356:2011 3549:2581 3549:30840
      path 7FE152418568 RPKI State not found
      rx pathid: 0, tx pathid: 0
  Refresh Epoch 1
  53767 174 12714
    162.251.163.2 from 162.251.163.2 (162.251.162.3)
      Origin IGP, localpref 100, valid, external
      Community: 174:21101 174:22005 53767:5000
      path 7FE0F3D0AA38 RPKI State not found
      rx pathid: 0, tx pathid: 0
  Refresh Epoch 1
  3356 174 12714
    4.68.4.46 from 4.68.4.46 (4.69.184.201)
      Origin IGP, metric 0, localpref 100, valid, external
      Community: 3356:3 3356:22 3356:86 3356:575 3356:666 3356:903 3356:2012
      path 7FE1334A0708 RPKI State not found
      rx pathid: 0, tx pathid: 0
  Refresh Epoch 1
  4901 6079 1299 12714
    162.250.137.254 from 162.250.137.254 (162.250.137.254)
      Origin IGP, localpref 100, valid, external
      Community: 65000:10100 65000:10300 65000:10400
      path 7FE13D3E0710 RPKI State not found
      rx pathid: 0, tx pathid: 0
  Refresh Epoch 1
  20912 3257 174 12714
    212.66.96.126 from 212.66.96.126 (212.66.96.126)
      Origin IGP, localpref 100, valid, external
      Community: 3257:8070 3257:30155 3257:50001 3257:53900 3257:53902 20912:65004
      path 7FE0CACD4860 RPKI State not found
      rx pathid: 0, tx pathid: 0
  Refresh Epoch 1
  3303 12714
    217.192.89.50 from 217.192.89.50 (138.187.128.158)
      Origin IGP, localpref 100, valid, external, best
      Community: 3303:1004 3303:1006 3303:1030 3303:1031 3303:3056 65101:1085 65102:1000 65103:276 65104:150
      path 7FE11991FC58 RPKI State not found
      rx pathid: 0, tx pathid: 0x0
  Refresh Epoch 1
  7018 174 12714
    12.0.1.63 from 12.0.1.63 (12.0.1.63)
      Origin IGP, localpref 100, valid, external
      Community: 7018:5000 7018:37232
      path 7FE09E69F838 RPKI State not found
      rx pathid: 0, tx pathid: 0
  Refresh Epoch 1
  3561 209 3356 174 12714
    206.24.210.80 from 206.24.210.80 (206.24.210.80)
      Origin IGP, localpref 100, valid, external
      path 7FE1690C4E00 RPKI State not found
      rx pathid: 0, tx pathid: 0
  Refresh Epoch 1
  101 174 12714
    209.124.176.223 from 209.124.176.223 (209.124.176.223)
      Origin IGP, localpref 100, valid, external
      Community: 101:20100 101:20110 101:22100 174:21101 174:22005
      Extended Community: RT:101:22100
      path 7FE0437D3968 RPKI State not found
      rx pathid: 0, tx pathid: 0
  Refresh Epoch 1
  7660 2516 1299 12714
    203.181.248.168 from 203.181.248.168 (203.181.248.168)
      Origin IGP, localpref 100, valid, external
      Community: 2516:1030 7660:9003
      path 7FE172150DC8 RPKI State not found
      rx pathid: 0, tx pathid: 0
  Refresh Epoch 2
  2497 174 12714
    202.232.0.2 from 202.232.0.2 (58.138.96.254)
      Origin IGP, localpref 100, valid, external
      path 7FE13462CAE0 RPKI State not found
      rx pathid: 0, tx pathid: 0
  Refresh Epoch 1
  1221 4637 1299 12714
    203.62.252.83 from 203.62.252.83 (203.62.252.83)
      Origin IGP, localpref 100, valid, external
      path 7FE16C625548 RPKI State not found
      rx pathid: 0, tx pathid: 0
  Refresh Epoch 1
  49788 12552 12714
    91.218.184.60 from 91.218.184.60 (91.218.184.60)
      Origin IGP, localpref 100, valid, external
      Community: 12552:12000 12552:12100 12552:12101 12552:22000
      Extended Community: 0x43:100:1
      path 7FE130A71500 RPKI State not found
      rx pathid: 0, tx pathid: 0
  Refresh Epoch 1
  3257 1299 12714
    89.149.178.10 from 89.149.178.10 (213.200.83.26)
      Origin IGP, metric 10, localpref 100, valid, external
      Community: 3257:8794 3257:30052 3257:50001 3257:54900 3257:54901
      path 7FE0DAEAEA50 RPKI State not found
      rx pathid: 0, tx pathid: 0
route-views>
```
   
###  2. Создайте dummy0 интерфейс в Ubuntu. Добавьте несколько статических маршрутов. Проверьте таблицу маршрутизации.
```shell
[vagrant@centos8 ~]$ sudo -s
[root@centos8 vagrant]# nmcli connection add type dummy ifname dummy0 ipv4.method manual ipv4.addresses 192.0.2.1/24
Connection 'dummy-dummy0' (50d70781-229a-4d57-9054-6a92b38d5f28) successfully added.
[root@centos8 vagrant]# nmcli connection show
NAME          UUID                                  TYPE      DEVICE
System eth0   5fb06bd0-0bb0-7ffb-45f1-d6edd65f3e03  ethernet  eth0
dummy-dummy0  50d70781-229a-4d57-9054-6a92b38d5f28  dummy     dummy0
[root@centos8 vagrant]# ip a
1: lo: <LOOPBACK,UP,LOWER_UP> mtu 65536 qdisc noqueue state UNKNOWN group default qlen 1000
    link/loopback 00:00:00:00:00:00 brd 00:00:00:00:00:00
    inet 127.0.0.1/8 scope host lo
       valid_lft forever preferred_lft forever
2: eth0: <BROADCAST,MULTICAST,UP,LOWER_UP> mtu 1500 qdisc fq_codel state UP group default qlen 1000
    link/ether 08:00:27:a5:0b:34 brd ff:ff:ff:ff:ff:ff
    inet 10.0.2.15/24 brd 10.0.2.255 scope global dynamic noprefixroute eth0
       valid_lft 86197sec preferred_lft 86197sec
3: dummy0: <BROADCAST,NOARP,UP,LOWER_UP> mtu 1500 qdisc noqueue state UNKNOWN group default qlen 1000
    link/ether c2:4c:dc:8e:25:8b brd ff:ff:ff:ff:ff:ff
    inet 192.0.2.1/24 brd 192.0.2.255 scope global noprefixroute dummy0
       valid_lft forever preferred_lft forever
    inet6 fe80::7fdf:e539:52cc:8c5/64 scope link noprefixroute
       valid_lft forever preferred_lft forever
[root@centos8 vagrant]# ip route add 192.0.2.1 via 10.0.2.1
[root@centos8 vagrant]# ip route
default via 10.0.2.2 dev eth0 proto dhcp metric 100
10.0.2.0/24 dev eth0 proto kernel scope link src 10.0.2.15 metric 100
192.0.2.0/24 dev dummy0 proto kernel scope link src 192.0.2.1 metric 550
192.0.2.1 via 10.0.2.1 dev eth0
[root@centos8 vagrant]# ip route add 8.8.8.8 via 10.0.2.1
[root@centos8 vagrant]# ip route
default via 10.0.2.2 dev eth0 proto dhcp metric 100
8.8.8.8 via 10.0.2.1 dev eth0
10.0.2.0/24 dev eth0 proto kernel scope link src 10.0.2.15 metric 100
192.0.2.0/24 dev dummy0 proto kernel scope link src 192.0.2.1 metric 550
192.0.2.1 via 10.0.2.1 dev eth0
[root@centos8 vagrant]# ip route add 8.8.8.8 via 10.0.2.1 metric 200
[root@centos8 vagrant]# ip route add 8.8.8.8 via 10.0.2.1 metric 100
[root@centos8 vagrant]# ip route
default via 10.0.2.2 dev eth0 proto dhcp metric 100
8.8.8.8 via 10.0.2.1 dev eth0
8.8.8.8 via 10.0.2.1 dev eth0 metric 100
8.8.8.8 via 10.0.2.1 dev eth0 metric 200
10.0.2.0/24 dev eth0 proto kernel scope link src 10.0.2.15 metric 100
192.0.2.0/24 dev dummy0 proto kernel scope link src 192.0.2.1 metric 550
192.0.2.1 via 10.0.2.1 dev eth0
[root@centos8 vagrant]#
```
###  3. Проверьте открытые TCP порты в Ubuntu, какие протоколы и приложения используют эти порты? Приведите несколько примеров.
```shell
[root@surg-adm etc]# ss -ta
State                        Recv-Q                    Send-Q                                            Local Address:Port                                                  Peer Address:Port                     Process                    
LISTEN                       0                         32                                                192.168.122.1:domain                                                     0.0.0.0:*                                                   
LISTEN                       0                         4096                                              127.0.0.53%lo:domain                                                     0.0.0.0:*                                                   
LISTEN                       0                         128                                                   127.0.0.1:ipp                                                        0.0.0.0:*                                                   
LISTEN                       0                         50                                                    127.0.0.1:45112                                                      0.0.0.0:*                                                   
LISTEN                       0                         1                                                       0.0.0.0:arcp                                                       0.0.0.0:*                                                   
LISTEN                       0                         50                                                    127.0.0.1:30666                                                      0.0.0.0:*                                                   
LISTEN                       0                         4096                                                    0.0.0.0:hostmon                                                    0.0.0.0:*                                                   
ESTAB                        0                         0                                                 192.168.4.152:56094                                               91.105.192.100:https                                               
ESTAB                        0                         0                                                 192.168.4.152:56092                                               91.105.192.100:https                                               
ESTAB                        0                         0                                                 192.168.4.152:42170                                               192.168.17.250:squid                                               
ESTAB                        0                         0                                                 192.168.4.152:42052                                               192.168.17.250:squid                                               
ESTAB                        0                         0                                                 192.168.4.152:42132                                               192.168.17.250:squid                                               
ESTAB                        0                         0                                                     127.0.0.1:44536                                                    127.0.0.1:63342                                               
ESTAB                        0                         0                                                     127.0.0.1:44540                                                    127.0.0.1:63342                                               
TIME-WAIT                    0                         0                                                 192.168.4.152:43464                                               91.105.192.100:http                                                
ESTAB                        0                         0                                                 192.168.4.152:42074                                               192.168.17.250:squid                                               
ESTAB                        0                         0                                                 192.168.4.152:45480                                                 3.68.124.168:https                                               
ESTAB                        0                         0                                                     127.0.0.1:44534                                                    127.0.0.1:63342                                               
ESTAB                        0                         0                                                     127.0.0.1:44544                                                    127.0.0.1:63342                                               
ESTAB                        0                         0                                                 192.168.4.152:56104                                               91.105.192.100:https                                               
ESTAB                        0                         0                                                 192.168.4.152:56102                                               91.105.192.100:https                                               
ESTAB                        0                         0                                                 192.168.4.152:41994                                               192.168.17.250:squid                                               
ESTAB                        0                         0                                                 192.168.4.152:40004                                               192.168.17.250:squid                                               
ESTAB                        0                         0                                                 192.168.4.152:42158                                               192.168.17.250:squid                                               
ESTAB                        0                         0                                                 192.168.4.152:42130                                               192.168.17.250:squid                                               
ESTAB                        0                         0                                                 192.168.4.152:38284                                               149.154.167.41:https                                               
ESTAB                        0                         0                                                 192.168.4.152:56098                                               91.105.192.100:https                                               
ESTAB                        0                         0                                                 192.168.4.152:56100                                               91.105.192.100:https                                               
ESTAB                        0                         0                                                 192.168.4.152:39792                                                 52.0.252.164:4244                                                
ESTAB                        0                         0                                                 192.168.4.152:56096                                               91.105.192.100:https                                               
ESTAB                        0                         0                                                 192.168.4.152:41352                                               192.168.17.202:rfb                                                 
ESTAB                        0                         0                                                 192.168.4.152:33260                                                52.204.91.203:https                                               
ESTAB                        0                         0                                                 192.168.4.152:43942                                                 77.88.21.125:imaps                                               
ESTAB                        0                         0                                                 192.168.4.152:56106                                               91.105.192.100:https                                               
ESTAB                        0                         0                                                 192.168.4.152:42134                                               192.168.17.250:squid                                               
ESTAB                        0                         0                                                 192.168.4.152:36869                                                 92.38.138.11:https                                               
ESTAB                        0                         0                                                     127.0.0.1:44542                                                    127.0.0.1:63342                                               
ESTAB                        0                         0                                                 192.168.4.152:44658                                                217.69.139.90:imaps                                               
ESTAB                        0                         0                                                     127.0.0.1:44538                                                    127.0.0.1:63342                                               
ESTAB                        0                         0                                                 192.168.4.152:38282                                               149.154.167.41:https                                               
TIME-WAIT                    0                         0                                                 192.168.4.152:42160                                               192.168.17.250:squid                                               
ESTAB                        0                         0                                                 192.168.4.152:55250                                               18.197.249.189:https                                               
ESTAB                        0                         0                                                 192.168.4.152:42172                                               192.168.17.250:squid                                               
ESTAB                        0                         0                                                 192.168.4.152:42096                                               192.168.17.250:squid                                               
LISTEN                       0                         128                                                       [::1]:ipp                                                           [::]:*                                                   
LISTEN                       0                         4096                                         [::ffff:127.0.0.1]:6942                                                             *:*                                                   
LISTEN                       0                         4096                                                       [::]:hostmon                                                       [::]:*                                                   
LISTEN                       0                         4096                                         [::ffff:127.0.0.1]:63342                                                            *:*                                                   
ESTAB                        0                         0                                            [::ffff:127.0.0.1]:63342                                           [::ffff:127.0.0.1]:44538                                               
ESTAB                        0                         0                                            [::ffff:127.0.0.1]:63342                                           [::ffff:127.0.0.1]:44536                                               
ESTAB                        0                         0                                            [::ffff:127.0.0.1]:63342                                           [::ffff:127.0.0.1]:44534                                               
ESTAB                        0                         0                                            [::ffff:127.0.0.1]:63342                                           [::ffff:127.0.0.1]:44544                                               
ESTAB                        0                         0                                            [::ffff:127.0.0.1]:63342                                           [::ffff:127.0.0.1]:44540                                               
ESTAB                        0                         0                                            [::ffff:127.0.0.1]:63342                                           [::ffff:127.0.0.1]:44542               
```
Например вот тут:
```shell
ESTAB                        0                         0                                                 192.168.4.152:56092                                               91.105.192.100:https                                               
ESTAB                        0                         0                                                 192.168.4.152:42170                                               192.168.17.250:squid  
```
используется протокол HTTPS и прокси сервер Squid.
###  4. Проверьте используемые UDP сокеты в Ubuntu, какие протоколы и приложения используют эти порты?
```shell
[root@surg-adm etc]# ss -ua
State                      Recv-Q                     Send-Q                                                Local Address:Port                                            Peer Address:Port                       Process                     
UNCONN                     0                          0                                                         127.0.0.1:323                                                  0.0.0.0:*                                                      
UNCONN                     0                          0                                                           0.0.0.0:50001                                                0.0.0.0:*                                                      
UNCONN                     0                          0                                                           0.0.0.0:mdns                                                 0.0.0.0:*                                                      
UNCONN                     0                          0                                                           0.0.0.0:hostmon                                              0.0.0.0:*                                                      
UNCONN                     0                          0                                                           0.0.0.0:40548                                                0.0.0.0:*                                                      
UNCONN                     0                          0                                                     192.168.122.1:domain                                               0.0.0.0:*                                                      
UNCONN                     0                          0                                                     127.0.0.53%lo:domain                                               0.0.0.0:*                                                      
UNCONN                     0                          0                                                    0.0.0.0%virbr0:bootps                                               0.0.0.0:*                                                      
ESTAB                      0                          0                                              192.168.4.152%enp3s0:bootpc                                          192.168.17.3:bootps                                                 
UNCONN                     0                          0                                                             [::1]:323                                                     [::]:*                                                      
UNCONN                     0                          0                                                              [::]:mdns                                                    [::]:*                                                      
UNCONN                     0                          0                                                              [::]:hostmon                                                 [::]:*                                                      
UNCONN                     0                          0                                                              [::]:42792                                                   [::]:*                                                      
```
Например вот тут:
```shell
UNCONN                     0                          0                                                     192.168.122.1:domain                                               0.0.0.0:*                                                      
UNCONN                     0                          0                                                     127.0.0.53%lo:domain                                               0.0.0.0:*   
```
используется протокол DNS 53 порт.
###  5. Используя diagrams.net, создайте L3 диаграмму вашей домашней сети или любой другой сети, с которой вы работали.
![](https://github.com/Sergej1024/devops-netology/blob/main/net/net_home.png)

## Задание для самостоятельной отработки (необязательно к выполнению)

### 6*. Установите Nginx, настройте в режиме балансировщика TCP или UDP.

### 7*. Установите bird2, настройте динамический протокол маршрутизации RIP.

### 8*. Установите Netbox, создайте несколько IP префиксов, используя curl проверьте работу API.